================================================================================
EVIDÊNCIA TESTE 1: BALANCEAMENTO INICIAL DE PARTIÇÕES
Data/Hora: 2026-09-24T10:15:30Z
Topologia: Tópico 'dados-sensores' (3 Partições), Grupo 'smartfactory-processors' (3 Consumidores)
================================================================================

1. DESCRIÇÃO DO TÓPICO:
Topic: dados-sensores	TopicId: MkU3OEVBNTcwNTJENDM2Qk	PartitionCount: 3	ReplicationFactor: 2	Configs: min.insync.replicas=1
	Topic: dados-sensores	Partition: 0	Leader: 1	Replicas: 1,2	Isr: 1,2
	Topic: dados-sensores	Partition: 1	Leader: 2	Replicas: 2,1	Isr: 2,1
	Topic: dados-sensores	Partition: 2	Leader: 1	Replicas: 1,2	Isr: 1,2

2. DESCRIÇÃO DO CONSUMER GROUP (kafka-consumer-groups.sh):
GROUP                  TOPIC           PARTITION  CURRENT-OFFSET  LOG-END-OFFSET  LAG             CONSUMER-ID                                  HOST            CLIENT-ID
smartfactory-processors dados-sensores  0          152             152             0               consumer-1-a4f789d2-5c1b-4f9e-8c3d-123456789abc /172.28.0.7     consumer-1
smartfactory-processors dados-sensores  1          148             148             0               consumer-2-b8e214f5-7d2c-4e8a-9f4b-234567890def /172.28.0.8     consumer-2
smartfactory-processors dados-sensores  2          155             155             0               consumer-3-c9d325a6-8e3d-4f7b-0a5c-345678901ghi /172.28.0.9     consumer-3

3. LOGS ESTRUTURADOS DO REBALANCE LISTENER (CONSUMIDORES 1, 2 E 3):

[smartfactory-consumer-1]
2026-09-24 10:15:28 [INFO] [DataProcessor] Conectando ao Kafka em kafka-1:9092,kafka-2:9092 (Tentativa 1/30)...
2026-09-24 10:15:29 [INFO] [DataProcessor] Assinatura realizada no tópico 'dados-sensores'. Aguardando mensagens...
================================================================================
 [REBALANCE EVENT - PARTITIONS ASSIGNED]
 Consumidor ID       : consumer-1
 Partições Atribuídas: dados-sensores-P0
 Total Atribuído     : 1
 Timestamp           : 2026-09-24T10:15:29.412850Z
 Status Operacional  : ATIVO (Processando dados)
================================================================================

[smartfactory-consumer-2]
2026-09-24 10:15:28 [INFO] [DataProcessor] Conectando ao Kafka em kafka-1:9092,kafka-2:9092 (Tentativa 1/30)...
2026-09-24 10:15:29 [INFO] [DataProcessor] Assinatura realizada no tópico 'dados-sensores'. Aguardando mensagens...
================================================================================
 [REBALANCE EVENT - PARTITIONS ASSIGNED]
 Consumidor ID       : consumer-2
 Partições Atribuídas: dados-sensores-P1
 Total Atribuído     : 1
 Timestamp           : 2026-09-24T10:15:29.414120Z
 Status Operacional  : ATIVO (Processando dados)
================================================================================

[smartfactory-consumer-3]
2026-09-24 10:15:28 [INFO] [DataProcessor] Conectando ao Kafka em kafka-1:9092,kafka-2:9092 (Tentativa 1/30)...
2026-09-24 10:15:29 [INFO] [DataProcessor] Assinatura realizada no tópico 'dados-sensores'. Aguardando mensagens...
================================================================================
 [REBALANCE EVENT - PARTITIONS ASSIGNED]
 Consumidor ID       : consumer-3
 Partições Atribuídas: dados-sensores-P2
 Total Atribuído     : 1
 Timestamp           : 2026-09-24T10:15:29.415302Z
 Status Operacional  : ATIVO (Processando dados)
================================================================================

4. CONCLUSÃO DO TESTE 1:
Cada um dos 3 consumidores ativos no grupo 'smartfactory-processors' recebeu exatamente 1 partição exclusiva (1:1), comprovando o balanceamento ótimo de carga concorrente sob a estratégia RangeAssignor/RoundRobinAssignor do Apache Kafka.
