================================================================================
EVIDÊNCIA TESTE 3: FALHA DE BROKER KAFKA (ALTA DISPONIBILIDADE E FAILOVER)
Data/Hora: 2026-09-24T10:25:00Z
Cenário: Queda do broker líder (smartfactory-kafka-1)
================================================================================

1. ESTADO DOS BROKERS ANTES DA FALHA:
Topic: dados-sensores	TopicId: MkU3OEVBNTcwNTJENDM2Qk	PartitionCount: 3	ReplicationFactor: 2	Configs: min.insync.replicas=1
	Topic: dados-sensores	Partition: 0	Leader: 1	Replicas: 1,2	Isr: 1,2
	Topic: dados-sensores	Partition: 1	Leader: 2	Replicas: 2,1	Isr: 2,1
	Topic: dados-sensores	Partition: 2	Leader: 1	Replicas: 1,2	Isr: 1,2

2. QUEDA FORÇADA DO BROKER LÍDER (KAFKA-1):
$ docker stop smartfactory-kafka-1
smartfactory-kafka-1

3. NOVA TOPOLOGIA DETECTADA NO BROKER SOBREVIVENTE (KAFKA-2):
$ docker compose exec -T kafka-2 kafka-topics.sh --bootstrap-server kafka-2:9092 --describe --topic dados-sensores

Topic: dados-sensores	TopicId: MkU3OEVBNTcwNTJENDM2Qk	PartitionCount: 3	ReplicationFactor: 2	Configs: min.insync.replicas=1
	Topic: dados-sensores	Partition: 0	Leader: 2	Replicas: 1,2	Isr: 2
	Topic: dados-sensores	Partition: 1	Leader: 2	Replicas: 2,1	Isr: 2
	Topic: dados-sensores	Partition: 2	Leader: 2	Replicas: 1,2	Isr: 2

ANÁLISE DE ALTA DISPONIBILIDADE:
- O Broker 2 assumiu como Líder de TODAS as partições (0, 1 e 2).
- As réplicas em sincronia (ISR) foram atualizadas de [1,2] para apenas [2], indicando que o cluster detectou com precisão a indisponibilidade física do nó 1.
- Como 'min.insync.replicas=1', escritas com acks=all continuaram sendo aceitas normalmente pelo broker 2.

4. LOGS DOS CLIENTES (PRODUTORES E CONSUMIDORES) DURANTE O FAILOVER:

[smartfactory-producer-1]
2026-09-24 10:25:05 [WARNING] [kafka.conn] Connection to node 1 (kafka-1:9092) lost. Trying next broker in bootstrap list...
2026-09-24 10:25:05 [INFO] [kafka.conn] Connected to node 2 (kafka-2:9092). Metadata updated successfully.
2026-09-24 10:25:06 [INFO] [SensorProducer] [Msg #245] Enviada por sensor-usinagem-01 (linha_producao) -> Temp: 68.3°C | Vib: 2.45mm/s | Pot: 15.2kW

[smartfactory-consumer-1]
2026-09-24 10:25:05 [WARNING] [kafka.conn] Node 1 disconnected. Re-requesting cluster metadata from kafka-2:9092.
2026-09-24 10:25:06 [INFO] [DataProcessor] [NORMAL] [Partição 0 | Offset 510] Sensor: sensor-usinagem-01 (linha_producao) | T: 68.3°C | V: 2.45mm/s | Pot: 15.2kW

5. RECUPERAÇÃO DO BROKER KAFKA-1:
$ docker start smartfactory-kafka-1
smartfactory-kafka-1

[Estado após 10 segundos de ressincronização]:
Topic: dados-sensores	TopicId: MkU3OEVBNTcwNTJENDM2Qk	PartitionCount: 3	ReplicationFactor: 2	Configs: min.insync.replicas=1
	Topic: dados-sensores	Partition: 0	Leader: 2	Replicas: 1,2	Isr: 2,1
	Topic: dados-sensores	Partition: 1	Leader: 2	Replicas: 2,1	Isr: 2,1
	Topic: dados-sensores	Partition: 2	Leader: 2	Replicas: 1,2	Isr: 2,1

6. CONCLUSÃO DO TESTE 3:
A arquitetura multi-broker com fator de replicação 2 demonstrou tolerância completa à falha súbita de hardware/container do broker líder. Os clientes chavearam dinamicamente para o broker restante, as partições tiveram nova liderança eleita via quórum, e na reinicialização do nó 1 as réplicas foram integralmente ressincronizadas para a lista de ISR.
