================================================================================
EVIDÊNCIA TESTE 2: FALHA DE CONSUMIDOR E REBALANCEAMENTO AUTOMÁTICO
Data/Hora: 2026-09-24T10:20:15Z
Cenário: Queda abrupta do container 'smartfactory-consumer-3'
================================================================================

1. ESTADO IMEDIATAMENTE ANTES DA FALHA:
GROUP                  TOPIC           PARTITION  CURRENT-OFFSET  LOG-END-OFFSET  LAG  CONSUMER-ID      HOST         CLIENT-ID
smartfactory-processors dados-sensores  0          320             320             0    consumer-1-...   172.28.0.7   consumer-1
smartfactory-processors dados-sensores  1          318             318             0    consumer-2-...   172.28.0.8   consumer-2
smartfactory-processors dados-sensores  2          325             325             0    consumer-3-...   172.28.0.9   consumer-3

2. EVENTO DE PARADA DO CONSUMIDOR 3:
$ docker stop smartfactory-consumer-3
smartfactory-consumer-3

3. DETECÇÃO PELO KAFKA GROUP COORDINATOR E LOGS DO REBALANCE LISTENER:

[smartfactory-consumer-1]
2026-09-24 10:20:25 [WARNING] [DataProcessor]
================================================================================
 [REBALANCE EVENT - PARTITIONS REVOKED]
 Consumidor ID      : consumer-1
 Partições Revogadas: dados-sensores-P0
 Quantidade         : 1
 Timestamp          : 2026-09-24T10:20:25.104230Z
 Motivo             : Reorganização de carga do Consumer Group iniciada.
================================================================================

2026-09-24 10:20:25 [INFO] [DataProcessor]
================================================================================
 [REBALANCE EVENT - PARTITIONS ASSIGNED]
 Consumidor ID       : consumer-1
 Partições Atribuídas: dados-sensores-P0, dados-sensores-P2
 Total Atribuído     : 2
 Timestamp           : 2026-09-24T10:20:25.210450Z
 Status Operacional  : ATIVO (Processando dados)
================================================================================

[smartfactory-consumer-2]
2026-09-24 10:20:25 [WARNING] [DataProcessor]
================================================================================
 [REBALANCE EVENT - PARTITIONS REVOKED]
 Consumidor ID      : consumer-2
 Partições Revogadas: dados-sensores-P1
 Quantidade         : 1
 Timestamp          : 2026-09-24T10:20:25.105110Z
 Motivo             : Reorganização de carga do Consumer Group iniciada.
================================================================================

2026-09-24 10:20:25 [INFO] [DataProcessor]
================================================================================
 [REBALANCE EVENT - PARTITIONS ASSIGNED]
 Consumidor ID       : consumer-2
 Partições Atribuídas: dados-sensores-P1
 Total Atribuído     : 1
 Timestamp           : 2026-09-24T10:20:25.211890Z
 Status Operacional  : ATIVO (Processando dados)
================================================================================

4. NOVO ESTADO DO GRUPO (2 CONSUMIDORES ATIVOS ASSUMINDO 3 PARTIÇÕES):
GROUP                  TOPIC           PARTITION  CURRENT-OFFSET  LOG-END-OFFSET  LAG  CONSUMER-ID      HOST         CLIENT-ID
smartfactory-processors dados-sensores  0          342             342             0    consumer-1-...   172.28.0.7   consumer-1
smartfactory-processors dados-sensores  1          339             339             0    consumer-2-...   172.28.0.8   consumer-2
smartfactory-processors dados-sensores  2          348             348             0    consumer-1-...   172.28.0.7   consumer-1

5. RESTAURAÇÃO DO CONSUMIDOR 3:
$ docker start smartfactory-consumer-3
smartfactory-consumer-3

[smartfactory-consumer-3]
2026-09-24 10:20:38 [INFO] [DataProcessor] Conectando ao Kafka em kafka-1:9092,kafka-2:9092 (Tentativa 1/30)...
2026-09-24 10:20:39 [INFO] [DataProcessor] Assinatura realizada no tópico 'dados-sensores'. Aguardando mensagens...
================================================================================
 [REBALANCE EVENT - PARTITIONS ASSIGNED]
 Consumidor ID       : consumer-3
 Partições Atribuídas: dados-sensores-P2
 Total Atribuído     : 1
 Timestamp           : 2026-09-24T10:20:39.845120Z
 Status Operacional  : ATIVO (Processando dados)
================================================================================

6. CONCLUSÃO DO TESTE 2:
Após a queda do consumer-3, o Group Coordinator detectou a ausência de heartbeats no timeout configurado e redistribuiu as 3 partições entre os 2 consumidores sobreviventes (consumer-1 assumiu P0 e P2; consumer-2 manteve P1). Não houve interrupção do processamento nem perda de mensagens. Ao ser reiniciado, o consumer-3 reassumiu sua partição sem intervenção manual.
