================================================================================
 T3: FALHA DE BROKER KAFKA (modo: hard, alvo: controller)
================================================================================
Data/hora (UTC) : 2026-09-26T00:54:35Z
Commit          : 3905ea1 (com alterações não commitadas)
Tópico / grupo  : dados-sensores (P=3, R=3) / smartfactory-processors
Session timeout : 10000 ms | Heartbeat: 3000 ms
Argumentos      : modo=hard alvo=controller
================================================================================

>>> [00:54:35] Pré-condições
    [PASS] 3 brokers em execução
    [PASS] ISR completo em todas as partições
    Topic: dados-sensores	TopicId: ld0-CGYQT72Yum8w3ASlNQ	PartitionCount: 3	ReplicationFactor: 3	Configs: min.insync.replicas=2
    	Topic: dados-sensores	Partition: 0	Leader: 2	Replicas: 1,2,3	Isr: 2,3,1
    	Topic: dados-sensores	Partition: 1	Leader: 2	Replicas: 2,3,1	Isr: 2,3,1
    	Topic: dados-sensores	Partition: 2	Leader: 3	Replicas: 3,1,2	Isr: 3,2,1
    ClusterId:              Some(4L622nShTUiBenYhCy-0bw)
    LeaderId:               2
    LeaderEpoch:            1
    HighWatermark:          567
    MaxFollowerLag:         0
    MaxFollowerLagTimeMs:   374
    CurrentVoters:          [1,2,3]
    CurrentObservers:       []
    Líder do quórum KRaft antes da falha: broker 2 (epoch 1)
    Broker a derrubar: kafka-2 | perf-test executa em: kafka-1

>>> [00:54:43] Preparando tópico de verificação de perda (teste-perda, P=3, R=3)
    end offsets de teste-perda antes: 1500

>>> [00:54:47] Iniciando carga contínua: 1500 msgs a 50 msg/s (acks=all, idempotente)

>>> [00:54:56] Derrubando kafka-2 (modo hard)
    00:54:56 kafka-2 fora do ar

>>> [00:54:57] Failover das lideranças de partição
    [PASS] Nenhuma partição lidera no broker caído; novos líderes eleitos em 21s
    [PASS] ISR reduzido a 2 réplicas em todas as partições (>= min.insync.replicas=2)
    Topic: dados-sensores	TopicId: ld0-CGYQT72Yum8w3ASlNQ	PartitionCount: 3	ReplicationFactor: 3	Configs: min.insync.replicas=2
    	Topic: dados-sensores	Partition: 0	Leader: 1	Replicas: 1,2,3	Isr: 3,1
    	Topic: dados-sensores	Partition: 1	Leader: 3	Replicas: 2,3,1	Isr: 3,1
    	Topic: dados-sensores	Partition: 2	Leader: 3	Replicas: 3,1,2	Isr: 3,1

>>> [00:55:22] Quórum KRaft com o broker fora
    [PASS] Quórum mantém líder após a queda: broker 1 (epoch 3) com 2 de 3 votantes
    [PASS] Nova eleição: líder mudou (2 -> 1) e epoch aumentou (1 -> 3)
    ClusterId:              Some(4L622nShTUiBenYhCy-0bw)
    LeaderId:               1
    LeaderEpoch:            3
    HighWatermark:          711
    MaxFollowerLag:         712
    MaxFollowerLagTimeMs:   -1
    CurrentVoters:          [1,2,3]
    CurrentObservers:       []

>>> [00:55:27] Sensores e consumidores continuam funcionando durante a falha
    [PASS] Produtores seguem gravando em dados-sensores durante a falha (offsets totais: 354 -> 418)
    [PASS] 4 produtores continuam em execução (nenhum caiu)
    [PASS] 3 consumidores no grupo e lag <= 30
    
    GROUP                   TOPIC           PARTITION  CURRENT-OFFSET  LOG-END-OFFSET  LAG             CONSUMER-ID                                                HOST            CLIENT-ID
    smartfactory-processors dados-sensores  1          200             202             2               consumer-a7cd003a25d8-a6e37fb9-cd78-49ab-a3ac-ae8e86bfad36 /172.19.0.11    consumer-a7cd003a25d8
    smartfactory-processors dados-sensores  0          111             112             1               consumer-5015dd5001f7-411acd2d-bc76-443d-82db-2a0390d6432e /172.19.0.6     consumer-5015dd5001f7
    smartfactory-processors dados-sensores  2          111             112             1               consumer-ffdcc7717d15-b3a61679-ae2b-4bb3-ae6d-f589ce1310fa /172.19.0.10    consumer-ffdcc7717d15

>>> [00:55:33] Aguardando o fim da carga contínua (perf-test)
    [2026-09-26 00:55:09,475] WARN [Producer clientId=perf-producer-client] Received invalid metadata error in produce request on partition teste-perda-0 due to org.apache.kafka.common.errors.NotLeaderOrFollowerException: For requests intended only for the leader, this error indicates that the broker is not the current leader. For requests intended for any replica, this error indicates that the broker is not a replica of the topic partition.. Going to request metadata update now (org.apache.kafka.clients.producer.internals.Sender)
    888 records sent, 177.4 records/sec (0.03 MB/sec), 4835.1 ms avg latency, 12744.0 ms max latency.
    1500 records sent, 49.995000 records/sec (0.01 MB/sec), 2873.63 ms avg latency, 12744.00 ms max latency, 9 ms 50th, 11436 ms 95th, 12506 ms 99th, 12742 ms 99.9th.
    [PASS] perf-test terminou com sucesso (exit 0): todas as mensagens confirmadas com acks=all
    end offsets de teste-perda depois: 3000 (delta = 1500; enviadas = 1500)
    [PASS] Zero perda e zero duplicação: delta de offsets (1500) == mensagens enviadas (1500)

>>> [00:55:35] Integridade da telemetria dos sensores durante a falha
    Lotes descartados pelos produtores dos sensores desde 2026-09-26T00:54:56Z: 0
    [PASS] Nenhuma leitura de sensor descartada (0 erros assíncronos de envio)

>>> [00:55:35] Recuperando kafka-2
    [PASS] ISR completo novamente (3 réplicas) em 7s após religar kafka-2
    Topic: dados-sensores	TopicId: ld0-CGYQT72Yum8w3ASlNQ	PartitionCount: 3	ReplicationFactor: 3	Configs: min.insync.replicas=2
    	Topic: dados-sensores	Partition: 0	Leader: 1	Replicas: 1,2,3	Isr: 3,1,2
    	Topic: dados-sensores	Partition: 1	Leader: 3	Replicas: 2,3,1	Isr: 3,1,2
    	Topic: dados-sensores	Partition: 2	Leader: 3	Replicas: 3,1,2	Isr: 3,1,2
    [PASS] kafka-2 saudável novamente (healthcheck)
    ClusterId:              Some(4L622nShTUiBenYhCy-0bw)
    LeaderId:               1
    LeaderEpoch:            3
    HighWatermark:          807
    MaxFollowerLag:         0
    MaxFollowerLagTimeMs:   0
    CurrentVoters:          [1,2,3]
    CurrentObservers:       []

================================================================================
 RESULTADO: PASS (14/14 verificações)  |  evidência: reports/logs/T3_falha_broker_hard_controller.log
================================================================================
