Reading payloads from: /tmp/payload.json
Number of messages read: 1
[2026-09-26 01:02:50,784] WARN Couldn't resolve server kafka-2:9092 from bootstrap.servers as DNS resolution failed for kafka-2 (org.apache.kafka.clients.ClientUtils)
[2026-09-26 01:02:50,789] WARN Couldn't resolve server kafka-3:9092 from bootstrap.servers as DNS resolution failed for kafka-3 (org.apache.kafka.clients.ClientUtils)
[2026-09-26 01:02:51,033] WARN [Producer clientId=perf-producer-client] Error connecting to node kafka-2:9092 (id: 2 rack: null) (org.apache.kafka.clients.NetworkClient)
java.net.UnknownHostException: kafka-2
	at java.base/java.net.InetAddress$CachedLookup.get(Unknown Source)
	at java.base/java.net.InetAddress.getAllByName0(Unknown Source)
	at java.base/java.net.InetAddress.getAllByName(Unknown Source)
	at org.apache.kafka.clients.DefaultHostResolver.resolve(DefaultHostResolver.java:27)
	at org.apache.kafka.clients.ClientUtils.resolve(ClientUtils.java:124)
	at org.apache.kafka.clients.ClusterConnectionStates$NodeConnectionState.resolveAddresses(ClusterConnectionStates.java:536)
	at org.apache.kafka.clients.ClusterConnectionStates$NodeConnectionState.currentAddress(ClusterConnectionStates.java:511)
	at org.apache.kafka.clients.ClusterConnectionStates$NodeConnectionState.access$200(ClusterConnectionStates.java:466)
	at org.apache.kafka.clients.ClusterConnectionStates.currentAddress(ClusterConnectionStates.java:173)
	at org.apache.kafka.clients.NetworkClient.initiateConnect(NetworkClient.java:1050)
	at org.apache.kafka.clients.NetworkClient.ready(NetworkClient.java:310)
	at org.apache.kafka.clients.producer.internals.Sender.sendProducerData(Sender.java:388)
	at org.apache.kafka.clients.producer.internals.Sender.runOnce(Sender.java:348)
	at org.apache.kafka.clients.producer.internals.Sender.run(Sender.java:252)
	at java.base/java.lang.Thread.run(Unknown Source)
[2026-09-26 01:02:51,087] WARN [Producer clientId=perf-producer-client] Error connecting to node kafka-2:9092 (id: 2 rack: null) (org.apache.kafka.clients.NetworkClient)
java.net.UnknownHostException: kafka-2
	at java.base/java.net.InetAddress$CachedLookup.get(Unknown Source)
	at java.base/java.net.InetAddress.getAllByName0(Unknown Source)
	at java.base/java.net.InetAddress.getAllByName(Unknown Source)
	at org.apache.kafka.clients.DefaultHostResolver.resolve(DefaultHostResolver.java:27)
	at org.apache.kafka.clients.ClientUtils.resolve(ClientUtils.java:124)
	at org.apache.kafka.clients.ClusterConnectionStates$NodeConnectionState.resolveAddresses(ClusterConnectionStates.java:536)
	at org.apache.kafka.clients.ClusterConnectionStates$NodeConnectionState.currentAddress(ClusterConnectionStates.java:511)
	at org.apache.kafka.clients.ClusterConnectionStates$NodeConnectionState.access$200(ClusterConnectionStates.java:466)
	at org.apache.kafka.clients.ClusterConnectionStates.currentAddress(ClusterConnectionStates.java:173)
	at org.apache.kafka.clients.NetworkClient.initiateConnect(NetworkClient.java:1050)
	at org.apache.kafka.clients.NetworkClient.ready(NetworkClient.java:310)
	at org.apache.kafka.clients.producer.internals.Sender.sendProducerData(Sender.java:388)
	at org.apache.kafka.clients.producer.internals.Sender.runOnce(Sender.java:348)
	at org.apache.kafka.clients.producer.internals.Sender.run(Sender.java:252)
	at java.base/java.lang.Thread.run(Unknown Source)
[2026-09-26 01:02:51,201] WARN [Producer clientId=perf-producer-client] Error connecting to node kafka-2:9092 (id: 2 rack: null) (org.apache.kafka.clients.NetworkClient)
java.net.UnknownHostException: kafka-2
	at java.base/java.net.InetAddress$CachedLookup.get(Unknown Source)
	at java.base/java.net.InetAddress.getAllByName0(Unknown Source)
	at java.base/java.net.InetAddress.getAllByName(Unknown Source)
	at org.apache.kafka.clients.DefaultHostResolver.resolve(DefaultHostResolver.java:27)
	at org.apache.kafka.clients.ClientUtils.resolve(ClientUtils.java:124)
	at org.apache.kafka.clients.ClusterConnectionStates$NodeConnectionState.resolveAddresses(ClusterConnectionStates.java:536)
	at org.apache.kafka.clients.ClusterConnectionStates$NodeConnectionState.currentAddress(ClusterConnectionStates.java:511)
	at org.apache.kafka.clients.ClusterConnectionStates$NodeConnectionState.access$200(ClusterConnectionStates.java:466)
	at org.apache.kafka.clients.ClusterConnectionStates.currentAddress(ClusterConnectionStates.java:173)
	at org.apache.kafka.clients.NetworkClient.initiateConnect(NetworkClient.java:1050)
	at org.apache.kafka.clients.NetworkClient.ready(NetworkClient.java:310)
	at org.apache.kafka.clients.producer.internals.Sender.sendProducerData(Sender.java:388)
	at org.apache.kafka.clients.producer.internals.Sender.runOnce(Sender.java:348)
	at org.apache.kafka.clients.producer.internals.Sender.run(Sender.java:252)
	at java.base/java.lang.Thread.run(Unknown Source)
[2026-09-26 01:02:51,376] WARN [Producer clientId=perf-producer-client] Error connecting to node kafka-2:9092 (id: 2 rack: null) (org.apache.kafka.clients.NetworkClient)
java.net.UnknownHostException: kafka-2
	at java.base/java.net.InetAddress$CachedLookup.get(Unknown Source)
	at java.base/java.net.InetAddress.getAllByName0(Unknown Source)
	at java.base/java.net.InetAddress.getAllByName(Unknown Source)
	at org.apache.kafka.clients.DefaultHostResolver.resolve(DefaultHostResolver.java:27)
	at org.apache.kafka.clients.ClientUtils.resolve(ClientUtils.java:124)
	at org.apache.kafka.clients.ClusterConnectionStates$NodeConnectionState.resolveAddresses(ClusterConnectionStates.java:536)
	at org.apache.kafka.clients.ClusterConnectionStates$NodeConnectionState.currentAddress(ClusterConnectionStates.java:511)
	at org.apache.kafka.clients.ClusterConnectionStates$NodeConnectionState.access$200(ClusterConnectionStates.java:466)
	at org.apache.kafka.clients.ClusterConnectionStates.currentAddress(ClusterConnectionStates.java:173)
	at org.apache.kafka.clients.NetworkClient.initiateConnect(NetworkClient.java:1050)
	at org.apache.kafka.clients.NetworkClient.ready(NetworkClient.java:310)
	at org.apache.kafka.clients.producer.internals.Sender.sendProducerData(Sender.java:388)
	at org.apache.kafka.clients.producer.internals.Sender.runOnce(Sender.java:348)
	at org.apache.kafka.clients.producer.internals.Sender.run(Sender.java:252)
	at java.base/java.lang.Thread.run(Unknown Source)
[2026-09-26 01:02:51,801] WARN [Producer clientId=perf-producer-client] Error connecting to node kafka-2:9092 (id: 2 rack: null) (org.apache.kafka.clients.NetworkClient)
java.net.UnknownHostException: kafka-2
	at java.base/java.net.InetAddress$CachedLookup.get(Unknown Source)
	at java.base/java.net.InetAddress.getAllByName0(Unknown Source)
	at java.base/java.net.InetAddress.getAllByName(Unknown Source)
	at org.apache.kafka.clients.DefaultHostResolver.resolve(DefaultHostResolver.java:27)
	at org.apache.kafka.clients.ClientUtils.resolve(ClientUtils.java:124)
	at org.apache.kafka.clients.ClusterConnectionStates$NodeConnectionState.resolveAddresses(ClusterConnectionStates.java:536)
	at org.apache.kafka.clients.ClusterConnectionStates$NodeConnectionState.currentAddress(ClusterConnectionStates.java:511)
	at org.apache.kafka.clients.ClusterConnectionStates$NodeConnectionState.access$200(ClusterConnectionStates.java:466)
	at org.apache.kafka.clients.ClusterConnectionStates.currentAddress(ClusterConnectionStates.java:173)
	at org.apache.kafka.clients.NetworkClient.initiateConnect(NetworkClient.java:1050)
	at org.apache.kafka.clients.NetworkClient.ready(NetworkClient.java:310)
	at org.apache.kafka.clients.producer.internals.Sender.sendProducerData(Sender.java:388)
	at org.apache.kafka.clients.producer.internals.Sender.runOnce(Sender.java:348)
	at org.apache.kafka.clients.producer.internals.Sender.run(Sender.java:252)
	at java.base/java.lang.Thread.run(Unknown Source)
[2026-09-26 01:02:52,522] WARN [Producer clientId=perf-producer-client] Error connecting to node kafka-2:9092 (id: 2 rack: null) (org.apache.kafka.clients.NetworkClient)
java.net.UnknownHostException: kafka-2
	at java.base/java.net.InetAddress$CachedLookup.get(Unknown Source)
	at java.base/java.net.InetAddress.getAllByName0(Unknown Source)
	at java.base/java.net.InetAddress.getAllByName(Unknown Source)
	at org.apache.kafka.clients.DefaultHostResolver.resolve(DefaultHostResolver.java:27)
	at org.apache.kafka.clients.ClientUtils.resolve(ClientUtils.java:124)
	at org.apache.kafka.clients.ClusterConnectionStates$NodeConnectionState.resolveAddresses(ClusterConnectionStates.java:536)
	at org.apache.kafka.clients.ClusterConnectionStates$NodeConnectionState.currentAddress(ClusterConnectionStates.java:511)
	at org.apache.kafka.clients.ClusterConnectionStates$NodeConnectionState.access$200(ClusterConnectionStates.java:466)
	at org.apache.kafka.clients.ClusterConnectionStates.currentAddress(ClusterConnectionStates.java:173)
	at org.apache.kafka.clients.NetworkClient.initiateConnect(NetworkClient.java:1050)
	at org.apache.kafka.clients.NetworkClient.ready(NetworkClient.java:310)
	at org.apache.kafka.clients.producer.internals.Sender.sendProducerData(Sender.java:388)
	at org.apache.kafka.clients.producer.internals.Sender.runOnce(Sender.java:348)
	at org.apache.kafka.clients.producer.internals.Sender.run(Sender.java:252)
	at java.base/java.lang.Thread.run(Unknown Source)
[2026-09-26 01:02:53,524] WARN [Producer clientId=perf-producer-client] Error connecting to node kafka-2:9092 (id: 2 rack: null) (org.apache.kafka.clients.NetworkClient)
java.net.UnknownHostException: kafka-2
	at java.base/java.net.InetAddress$CachedLookup.get(Unknown Source)
	at java.base/java.net.InetAddress.getAllByName0(Unknown Source)
	at java.base/java.net.InetAddress.getAllByName(Unknown Source)
	at org.apache.kafka.clients.DefaultHostResolver.resolve(DefaultHostResolver.java:27)
	at org.apache.kafka.clients.ClientUtils.resolve(ClientUtils.java:124)
	at org.apache.kafka.clients.ClusterConnectionStates$NodeConnectionState.resolveAddresses(ClusterConnectionStates.java:536)
	at org.apache.kafka.clients.ClusterConnectionStates$NodeConnectionState.currentAddress(ClusterConnectionStates.java:511)
	at org.apache.kafka.clients.ClusterConnectionStates$NodeConnectionState.access$200(ClusterConnectionStates.java:466)
	at org.apache.kafka.clients.ClusterConnectionStates.currentAddress(ClusterConnectionStates.java:173)
	at org.apache.kafka.clients.NetworkClient.initiateConnect(NetworkClient.java:1050)
	at org.apache.kafka.clients.NetworkClient.ready(NetworkClient.java:310)
	at org.apache.kafka.clients.producer.internals.Sender.sendProducerData(Sender.java:388)
	at org.apache.kafka.clients.producer.internals.Sender.runOnce(Sender.java:348)
	at org.apache.kafka.clients.producer.internals.Sender.run(Sender.java:252)
	at java.base/java.lang.Thread.run(Unknown Source)
[2026-09-26 01:02:54,526] WARN [Producer clientId=perf-producer-client] Error connecting to node kafka-2:9092 (id: 2 rack: null) (org.apache.kafka.clients.NetworkClient)
java.net.UnknownHostException: kafka-2
	at java.base/java.net.InetAddress$CachedLookup.get(Unknown Source)
	at java.base/java.net.InetAddress.getAllByName0(Unknown Source)
	at java.base/java.net.InetAddress.getAllByName(Unknown Source)
	at org.apache.kafka.clients.DefaultHostResolver.resolve(DefaultHostResolver.java:27)
	at org.apache.kafka.clients.ClientUtils.resolve(ClientUtils.java:124)
	at org.apache.kafka.clients.ClusterConnectionStates$NodeConnectionState.resolveAddresses(ClusterConnectionStates.java:536)
	at org.apache.kafka.clients.ClusterConnectionStates$NodeConnectionState.currentAddress(ClusterConnectionStates.java:511)
	at org.apache.kafka.clients.ClusterConnectionStates$NodeConnectionState.access$200(ClusterConnectionStates.java:466)
	at org.apache.kafka.clients.ClusterConnectionStates.currentAddress(ClusterConnectionStates.java:173)
	at org.apache.kafka.clients.NetworkClient.initiateConnect(NetworkClient.java:1050)
	at org.apache.kafka.clients.NetworkClient.ready(NetworkClient.java:310)
	at org.apache.kafka.clients.producer.internals.Sender.sendProducerData(Sender.java:388)
	at org.apache.kafka.clients.producer.internals.Sender.runOnce(Sender.java:348)
	at org.apache.kafka.clients.producer.internals.Sender.run(Sender.java:252)
	at java.base/java.lang.Thread.run(Unknown Source)
[2026-09-26 01:02:55,427] WARN [Producer clientId=perf-producer-client] Error connecting to node kafka-2:9092 (id: 2 rack: null) (org.apache.kafka.clients.NetworkClient)
java.net.UnknownHostException: kafka-2
	at java.base/java.net.InetAddress$CachedLookup.get(Unknown Source)
	at java.base/java.net.InetAddress.getAllByName0(Unknown Source)
	at java.base/java.net.InetAddress.getAllByName(Unknown Source)
	at org.apache.kafka.clients.DefaultHostResolver.resolve(DefaultHostResolver.java:27)
	at org.apache.kafka.clients.ClientUtils.resolve(ClientUtils.java:124)
	at org.apache.kafka.clients.ClusterConnectionStates$NodeConnectionState.resolveAddresses(ClusterConnectionStates.java:536)
	at org.apache.kafka.clients.ClusterConnectionStates$NodeConnectionState.currentAddress(ClusterConnectionStates.java:511)
	at org.apache.kafka.clients.ClusterConnectionStates$NodeConnectionState.access$200(ClusterConnectionStates.java:466)
	at org.apache.kafka.clients.ClusterConnectionStates.currentAddress(ClusterConnectionStates.java:173)
	at org.apache.kafka.clients.NetworkClient.initiateConnect(NetworkClient.java:1050)
	at org.apache.kafka.clients.NetworkClient.ready(NetworkClient.java:310)
	at org.apache.kafka.clients.producer.internals.Sender.sendProducerData(Sender.java:388)
	at org.apache.kafka.clients.producer.internals.Sender.runOnce(Sender.java:348)
	at org.apache.kafka.clients.producer.internals.Sender.run(Sender.java:265)
	at java.base/java.lang.Thread.run(Unknown Source)
[2026-09-26 01:02:56,328] WARN [Producer clientId=perf-producer-client] Error connecting to node kafka-2:9092 (id: 2 rack: null) (org.apache.kafka.clients.NetworkClient)
java.net.UnknownHostException: kafka-2
	at java.base/java.net.InetAddress$CachedLookup.get(Unknown Source)
	at java.base/java.net.InetAddress.getAllByName0(Unknown Source)
	at java.base/java.net.InetAddress.getAllByName(Unknown Source)
	at org.apache.kafka.clients.DefaultHostResolver.resolve(DefaultHostResolver.java:27)
	at org.apache.kafka.clients.ClientUtils.resolve(ClientUtils.java:124)
	at org.apache.kafka.clients.ClusterConnectionStates$NodeConnectionState.resolveAddresses(ClusterConnectionStates.java:536)
	at org.apache.kafka.clients.ClusterConnectionStates$NodeConnectionState.currentAddress(ClusterConnectionStates.java:511)
	at org.apache.kafka.clients.ClusterConnectionStates$NodeConnectionState.access$200(ClusterConnectionStates.java:466)
	at org.apache.kafka.clients.ClusterConnectionStates.currentAddress(ClusterConnectionStates.java:173)
	at org.apache.kafka.clients.NetworkClient.initiateConnect(NetworkClient.java:1050)
	at org.apache.kafka.clients.NetworkClient.ready(NetworkClient.java:310)
	at org.apache.kafka.clients.producer.internals.Sender.sendProducerData(Sender.java:388)
	at org.apache.kafka.clients.producer.internals.Sender.runOnce(Sender.java:348)
	at org.apache.kafka.clients.producer.internals.Sender.run(Sender.java:265)
	at java.base/java.lang.Thread.run(Unknown Source)
[2026-09-26 01:02:57,272] WARN [Producer clientId=perf-producer-client] Error connecting to node kafka-2:9092 (id: 2 rack: null) (org.apache.kafka.clients.NetworkClient)
java.net.UnknownHostException: kafka-2
	at java.base/java.net.InetAddress$CachedLookup.get(Unknown Source)
	at java.base/java.net.InetAddress.getAllByName0(Unknown Source)
	at java.base/java.net.InetAddress.getAllByName(Unknown Source)
	at org.apache.kafka.clients.DefaultHostResolver.resolve(DefaultHostResolver.java:27)
	at org.apache.kafka.clients.ClientUtils.resolve(ClientUtils.java:124)
	at org.apache.kafka.clients.ClusterConnectionStates$NodeConnectionState.resolveAddresses(ClusterConnectionStates.java:536)
	at org.apache.kafka.clients.ClusterConnectionStates$NodeConnectionState.currentAddress(ClusterConnectionStates.java:511)
	at org.apache.kafka.clients.ClusterConnectionStates$NodeConnectionState.access$200(ClusterConnectionStates.java:466)
	at org.apache.kafka.clients.ClusterConnectionStates.currentAddress(ClusterConnectionStates.java:173)
	at org.apache.kafka.clients.NetworkClient.initiateConnect(NetworkClient.java:1050)
	at org.apache.kafka.clients.NetworkClient.ready(NetworkClient.java:310)
	at org.apache.kafka.clients.producer.internals.Sender.sendProducerData(Sender.java:388)
	at org.apache.kafka.clients.producer.internals.Sender.runOnce(Sender.java:348)
	at org.apache.kafka.clients.producer.internals.Sender.run(Sender.java:265)
	at java.base/java.lang.Thread.run(Unknown Source)
[2026-09-26 01:02:58,274] WARN [Producer clientId=perf-producer-client] Error connecting to node kafka-2:9092 (id: 2 rack: null) (org.apache.kafka.clients.NetworkClient)
java.net.UnknownHostException: kafka-2
	at java.base/java.net.InetAddress$CachedLookup.get(Unknown Source)
	at java.base/java.net.InetAddress.getAllByName0(Unknown Source)
	at java.base/java.net.InetAddress.getAllByName(Unknown Source)
	at org.apache.kafka.clients.DefaultHostResolver.resolve(DefaultHostResolver.java:27)
	at org.apache.kafka.clients.ClientUtils.resolve(ClientUtils.java:124)
	at org.apache.kafka.clients.ClusterConnectionStates$NodeConnectionState.resolveAddresses(ClusterConnectionStates.java:536)
	at org.apache.kafka.clients.ClusterConnectionStates$NodeConnectionState.currentAddress(ClusterConnectionStates.java:511)
	at org.apache.kafka.clients.ClusterConnectionStates$NodeConnectionState.access$200(ClusterConnectionStates.java:466)
	at org.apache.kafka.clients.ClusterConnectionStates.currentAddress(ClusterConnectionStates.java:173)
	at org.apache.kafka.clients.NetworkClient.initiateConnect(NetworkClient.java:1050)
	at org.apache.kafka.clients.NetworkClient.ready(NetworkClient.java:310)
	at org.apache.kafka.clients.producer.internals.Sender.sendProducerData(Sender.java:388)
	at org.apache.kafka.clients.producer.internals.Sender.runOnce(Sender.java:348)
	at org.apache.kafka.clients.producer.internals.Sender.run(Sender.java:265)
	at java.base/java.lang.Thread.run(Unknown Source)
[2026-09-26 01:02:59,268] WARN [Producer clientId=perf-producer-client] Error connecting to node kafka-2:9092 (id: 2 rack: null) (org.apache.kafka.clients.NetworkClient)
java.net.UnknownHostException: kafka-2
	at java.base/java.net.InetAddress$CachedLookup.get(Unknown Source)
	at java.base/java.net.InetAddress.getAllByName0(Unknown Source)
	at java.base/java.net.InetAddress.getAllByName(Unknown Source)
	at org.apache.kafka.clients.DefaultHostResolver.resolve(DefaultHostResolver.java:27)
	at org.apache.kafka.clients.ClientUtils.resolve(ClientUtils.java:124)
	at org.apache.kafka.clients.ClusterConnectionStates$NodeConnectionState.resolveAddresses(ClusterConnectionStates.java:536)
	at org.apache.kafka.clients.ClusterConnectionStates$NodeConnectionState.currentAddress(ClusterConnectionStates.java:511)
	at org.apache.kafka.clients.ClusterConnectionStates$NodeConnectionState.access$200(ClusterConnectionStates.java:466)
	at org.apache.kafka.clients.ClusterConnectionStates.currentAddress(ClusterConnectionStates.java:173)
	at org.apache.kafka.clients.NetworkClient.initiateConnect(NetworkClient.java:1050)
	at org.apache.kafka.clients.NetworkClient.ready(NetworkClient.java:310)
	at org.apache.kafka.clients.producer.internals.Sender.sendProducerData(Sender.java:388)
	at org.apache.kafka.clients.producer.internals.Sender.runOnce(Sender.java:348)
	at org.apache.kafka.clients.producer.internals.Sender.run(Sender.java:265)
	at java.base/java.lang.Thread.run(Unknown Source)
[2026-09-26 01:03:00,212] WARN [Producer clientId=perf-producer-client] Error connecting to node kafka-2:9092 (id: 2 rack: null) (org.apache.kafka.clients.NetworkClient)
java.net.UnknownHostException: kafka-2
	at java.base/java.net.InetAddress$CachedLookup.get(Unknown Source)
	at java.base/java.net.InetAddress.getAllByName0(Unknown Source)
	at java.base/java.net.InetAddress.getAllByName(Unknown Source)
	at org.apache.kafka.clients.DefaultHostResolver.resolve(DefaultHostResolver.java:27)
	at org.apache.kafka.clients.ClientUtils.resolve(ClientUtils.java:124)
	at org.apache.kafka.clients.ClusterConnectionStates$NodeConnectionState.resolveAddresses(ClusterConnectionStates.java:536)
	at org.apache.kafka.clients.ClusterConnectionStates$NodeConnectionState.currentAddress(ClusterConnectionStates.java:511)
	at org.apache.kafka.clients.ClusterConnectionStates$NodeConnectionState.access$200(ClusterConnectionStates.java:466)
	at org.apache.kafka.clients.ClusterConnectionStates.currentAddress(ClusterConnectionStates.java:173)
	at org.apache.kafka.clients.NetworkClient.initiateConnect(NetworkClient.java:1050)
	at org.apache.kafka.clients.NetworkClient.ready(NetworkClient.java:310)
	at org.apache.kafka.clients.producer.internals.Sender.sendProducerData(Sender.java:388)
	at org.apache.kafka.clients.producer.internals.Sender.runOnce(Sender.java:348)
	at org.apache.kafka.clients.producer.internals.Sender.run(Sender.java:265)
	at java.base/java.lang.Thread.run(Unknown Source)
[2026-09-26 01:03:01,304] WARN [Producer clientId=perf-producer-client] Error connecting to node kafka-2:9092 (id: 2 rack: null) (org.apache.kafka.clients.NetworkClient)
java.net.UnknownHostException: kafka-2: Name does not resolve
	at java.base/java.net.Inet6AddressImpl.lookupAllHostAddr(Native Method)
	at java.base/java.net.Inet6AddressImpl.lookupAllHostAddr(Unknown Source)
	at java.base/java.net.InetAddress$PlatformResolver.lookupByName(Unknown Source)
	at java.base/java.net.InetAddress.getAddressesFromNameService(Unknown Source)
	at java.base/java.net.InetAddress$NameServiceAddresses.get(Unknown Source)
	at java.base/java.net.InetAddress.getAllByName0(Unknown Source)
	at java.base/java.net.InetAddress.getAllByName(Unknown Source)
	at org.apache.kafka.clients.DefaultHostResolver.resolve(DefaultHostResolver.java:27)
	at org.apache.kafka.clients.ClientUtils.resolve(ClientUtils.java:124)
	at org.apache.kafka.clients.ClusterConnectionStates$NodeConnectionState.resolveAddresses(ClusterConnectionStates.java:536)
	at org.apache.kafka.clients.ClusterConnectionStates$NodeConnectionState.currentAddress(ClusterConnectionStates.java:511)
	at org.apache.kafka.clients.ClusterConnectionStates$NodeConnectionState.access$200(ClusterConnectionStates.java:466)
	at org.apache.kafka.clients.ClusterConnectionStates.currentAddress(ClusterConnectionStates.java:173)
	at org.apache.kafka.clients.NetworkClient.initiateConnect(NetworkClient.java:1050)
	at org.apache.kafka.clients.NetworkClient.ready(NetworkClient.java:310)
	at org.apache.kafka.clients.producer.internals.Sender.sendProducerData(Sender.java:388)
	at org.apache.kafka.clients.producer.internals.Sender.runOnce(Sender.java:348)
	at org.apache.kafka.clients.producer.internals.Sender.run(Sender.java:265)
	at java.base/java.lang.Thread.run(Unknown Source)
[2026-09-26 01:03:01,946] WARN [Producer clientId=perf-producer-client] Error connecting to node kafka-2:9092 (id: 2 rack: null) (org.apache.kafka.clients.NetworkClient)
java.net.UnknownHostException: kafka-2
	at java.base/java.net.InetAddress$CachedLookup.get(Unknown Source)
	at java.base/java.net.InetAddress.getAllByName0(Unknown Source)
	at java.base/java.net.InetAddress.getAllByName(Unknown Source)
	at org.apache.kafka.clients.DefaultHostResolver.resolve(DefaultHostResolver.java:27)
	at org.apache.kafka.clients.ClientUtils.resolve(ClientUtils.java:124)
	at org.apache.kafka.clients.ClusterConnectionStates$NodeConnectionState.resolveAddresses(ClusterConnectionStates.java:536)
	at org.apache.kafka.clients.ClusterConnectionStates$NodeConnectionState.currentAddress(ClusterConnectionStates.java:511)
	at org.apache.kafka.clients.ClusterConnectionStates$NodeConnectionState.access$200(ClusterConnectionStates.java:466)
	at org.apache.kafka.clients.ClusterConnectionStates.currentAddress(ClusterConnectionStates.java:173)
	at org.apache.kafka.clients.NetworkClient.initiateConnect(NetworkClient.java:1050)
	at org.apache.kafka.clients.NetworkClient.ready(NetworkClient.java:310)
	at org.apache.kafka.clients.producer.internals.Sender.sendProducerData(Sender.java:388)
	at org.apache.kafka.clients.producer.internals.Sender.runOnce(Sender.java:348)
	at org.apache.kafka.clients.producer.internals.Sender.run(Sender.java:265)
	at java.base/java.lang.Thread.run(Unknown Source)
[2026-09-26 01:03:02,844] WARN [Producer clientId=perf-producer-client] Error connecting to node kafka-2:9092 (id: 2 rack: null) (org.apache.kafka.clients.NetworkClient)
java.net.UnknownHostException: kafka-2
	at java.base/java.net.InetAddress$CachedLookup.get(Unknown Source)
	at java.base/java.net.InetAddress.getAllByName0(Unknown Source)
	at java.base/java.net.InetAddress.getAllByName(Unknown Source)
	at org.apache.kafka.clients.DefaultHostResolver.resolve(DefaultHostResolver.java:27)
	at org.apache.kafka.clients.ClientUtils.resolve(ClientUtils.java:124)
	at org.apache.kafka.clients.ClusterConnectionStates$NodeConnectionState.resolveAddresses(ClusterConnectionStates.java:536)
	at org.apache.kafka.clients.ClusterConnectionStates$NodeConnectionState.currentAddress(ClusterConnectionStates.java:511)
	at org.apache.kafka.clients.ClusterConnectionStates$NodeConnectionState.access$200(ClusterConnectionStates.java:466)
	at org.apache.kafka.clients.ClusterConnectionStates.currentAddress(ClusterConnectionStates.java:173)
	at org.apache.kafka.clients.NetworkClient.initiateConnect(NetworkClient.java:1050)
	at org.apache.kafka.clients.NetworkClient.ready(NetworkClient.java:310)
	at org.apache.kafka.clients.producer.internals.Sender.sendProducerData(Sender.java:388)
	at org.apache.kafka.clients.producer.internals.Sender.runOnce(Sender.java:348)
	at org.apache.kafka.clients.producer.internals.Sender.run(Sender.java:265)
	at java.base/java.lang.Thread.run(Unknown Source)
[2026-09-26 01:03:03,848] WARN [Producer clientId=perf-producer-client] Error connecting to node kafka-2:9092 (id: 2 rack: null) (org.apache.kafka.clients.NetworkClient)
java.net.UnknownHostException: kafka-2
	at java.base/java.net.InetAddress$CachedLookup.get(Unknown Source)
	at java.base/java.net.InetAddress.getAllByName0(Unknown Source)
	at java.base/java.net.InetAddress.getAllByName(Unknown Source)
	at org.apache.kafka.clients.DefaultHostResolver.resolve(DefaultHostResolver.java:27)
	at org.apache.kafka.clients.ClientUtils.resolve(ClientUtils.java:124)
	at org.apache.kafka.clients.ClusterConnectionStates$NodeConnectionState.resolveAddresses(ClusterConnectionStates.java:536)
	at org.apache.kafka.clients.ClusterConnectionStates$NodeConnectionState.currentAddress(ClusterConnectionStates.java:511)
	at org.apache.kafka.clients.ClusterConnectionStates$NodeConnectionState.access$200(ClusterConnectionStates.java:466)
	at org.apache.kafka.clients.ClusterConnectionStates.currentAddress(ClusterConnectionStates.java:173)
	at org.apache.kafka.clients.NetworkClient.initiateConnect(NetworkClient.java:1050)
	at org.apache.kafka.clients.NetworkClient.ready(NetworkClient.java:310)
	at org.apache.kafka.clients.producer.internals.Sender.sendProducerData(Sender.java:388)
	at org.apache.kafka.clients.producer.internals.Sender.runOnce(Sender.java:348)
	at org.apache.kafka.clients.producer.internals.Sender.run(Sender.java:265)
	at java.base/java.lang.Thread.run(Unknown Source)
[2026-09-26 01:03:04,848] WARN [Producer clientId=perf-producer-client] Error connecting to node kafka-2:9092 (id: 2 rack: null) (org.apache.kafka.clients.NetworkClient)
java.net.UnknownHostException: kafka-2
	at java.base/java.net.InetAddress$CachedLookup.get(Unknown Source)
	at java.base/java.net.InetAddress.getAllByName0(Unknown Source)
	at java.base/java.net.InetAddress.getAllByName(Unknown Source)
	at org.apache.kafka.clients.DefaultHostResolver.resolve(DefaultHostResolver.java:27)
	at org.apache.kafka.clients.ClientUtils.resolve(ClientUtils.java:124)
	at org.apache.kafka.clients.ClusterConnectionStates$NodeConnectionState.resolveAddresses(ClusterConnectionStates.java:536)
	at org.apache.kafka.clients.ClusterConnectionStates$NodeConnectionState.currentAddress(ClusterConnectionStates.java:511)
	at org.apache.kafka.clients.ClusterConnectionStates$NodeConnectionState.access$200(ClusterConnectionStates.java:466)
	at org.apache.kafka.clients.ClusterConnectionStates.currentAddress(ClusterConnectionStates.java:173)
	at org.apache.kafka.clients.NetworkClient.initiateConnect(NetworkClient.java:1050)
	at org.apache.kafka.clients.NetworkClient.ready(NetworkClient.java:310)
	at org.apache.kafka.clients.producer.internals.Sender.sendProducerData(Sender.java:388)
	at org.apache.kafka.clients.producer.internals.Sender.runOnce(Sender.java:348)
	at org.apache.kafka.clients.producer.internals.Sender.run(Sender.java:265)
	at java.base/java.lang.Thread.run(Unknown Source)
[2026-09-26 01:03:05,848] WARN [Producer clientId=perf-producer-client] Error connecting to node kafka-2:9092 (id: 2 rack: null) (org.apache.kafka.clients.NetworkClient)
java.net.UnknownHostException: kafka-2
	at java.base/java.net.InetAddress$CachedLookup.get(Unknown Source)
	at java.base/java.net.InetAddress.getAllByName0(Unknown Source)
	at java.base/java.net.InetAddress.getAllByName(Unknown Source)
	at org.apache.kafka.clients.DefaultHostResolver.resolve(DefaultHostResolver.java:27)
	at org.apache.kafka.clients.ClientUtils.resolve(ClientUtils.java:124)
	at org.apache.kafka.clients.ClusterConnectionStates$NodeConnectionState.resolveAddresses(ClusterConnectionStates.java:536)
	at org.apache.kafka.clients.ClusterConnectionStates$NodeConnectionState.currentAddress(ClusterConnectionStates.java:511)
	at org.apache.kafka.clients.ClusterConnectionStates$NodeConnectionState.access$200(ClusterConnectionStates.java:466)
	at org.apache.kafka.clients.ClusterConnectionStates.currentAddress(ClusterConnectionStates.java:173)
	at org.apache.kafka.clients.NetworkClient.initiateConnect(NetworkClient.java:1050)
	at org.apache.kafka.clients.NetworkClient.ready(NetworkClient.java:310)
	at org.apache.kafka.clients.producer.internals.Sender.sendProducerData(Sender.java:388)
	at org.apache.kafka.clients.producer.internals.Sender.runOnce(Sender.java:348)
	at org.apache.kafka.clients.producer.internals.Sender.run(Sender.java:265)
	at java.base/java.lang.Thread.run(Unknown Source)
org.apache.kafka.common.errors.TimeoutException: Expiring 20 record(s) for dados-sensores-1:15001 ms has passed since batch creation
org.apache.kafka.common.errors.TimeoutException: Expiring 20 record(s) for dados-sensores-1:15001 ms has passed since batch creation
org.apache.kafka.common.errors.TimeoutException: Expiring 20 record(s) for dados-sensores-1:15001 ms has passed since batch creation
org.apache.kafka.common.errors.TimeoutException: Expiring 20 record(s) for dados-sensores-1:15001 ms has passed since batch creation
org.apache.kafka.common.errors.TimeoutException: Expiring 20 record(s) for dados-sensores-1:15001 ms has passed since batch creation
org.apache.kafka.common.errors.TimeoutException: Expiring 20 record(s) for dados-sensores-1:15001 ms has passed since batch creation
org.apache.kafka.common.errors.TimeoutException: Expiring 20 record(s) for dados-sensores-1:15001 ms has passed since batch creation
org.apache.kafka.common.errors.TimeoutException: Expiring 20 record(s) for dados-sensores-1:15001 ms has passed since batch creation
org.apache.kafka.common.errors.TimeoutException: Expiring 20 record(s) for dados-sensores-1:15001 ms has passed since batch creation
org.apache.kafka.common.errors.TimeoutException: Expiring 20 record(s) for dados-sensores-1:15001 ms has passed since batch creation
org.apache.kafka.common.errors.TimeoutException: Expiring 20 record(s) for dados-sensores-1:15001 ms has passed since batch creation
org.apache.kafka.common.errors.TimeoutException: Expiring 20 record(s) for dados-sensores-1:15001 ms has passed since batch creation
org.apache.kafka.common.errors.TimeoutException: Expiring 20 record(s) for dados-sensores-1:15001 ms has passed since batch creation
org.apache.kafka.common.errors.TimeoutException: Expiring 20 record(s) for dados-sensores-1:15001 ms has passed since batch creation
org.apache.kafka.common.errors.TimeoutException: Expiring 20 record(s) for dados-sensores-1:15001 ms has passed since batch creation
org.apache.kafka.common.errors.TimeoutException: Expiring 20 record(s) for dados-sensores-1:15001 ms has passed since batch creation
org.apache.kafka.common.errors.TimeoutException: Expiring 20 record(s) for dados-sensores-1:15001 ms has passed since batch creation
org.apache.kafka.common.errors.TimeoutException: Expiring 20 record(s) for dados-sensores-1:15001 ms has passed since batch creation
org.apache.kafka.common.errors.TimeoutException: Expiring 20 record(s) for dados-sensores-1:15001 ms has passed since batch creation
org.apache.kafka.common.errors.TimeoutException: Expiring 20 record(s) for dados-sensores-1:15001 ms has passed since batch creation
0 records sent, 0.000000 records/sec (0.00 MB/sec), NaN ms avg latency, 0.00 ms max latency, 0 ms 50th, 0 ms 95th, 0 ms 99th, 0 ms 99.9th.
